<testsuites id="" name="" tests="45" failures="35" skipped="0" errors="0" time="39.089262">
<testsuite name="smoke.spec.ts" timestamp="2025-09-29T16:49:19.950Z" hostname="chromium" tests="9" failures="7" skipped="0" time="59.104" errors="0">
<testcase name="Smoke Tests - End-to-End › homepage should load and display menus" classname="smoke.spec.ts" time="9.132">
<failure message="smoke.spec.ts:4:7 homepage should load and display menus" type="FAILURE">
<![CDATA[  [chromium] › smoke.spec.ts:4:7 › Smoke Tests - End-to-End › homepage should load and display menus 

    Error: expect(locator).toContainText(expected) failed

    Locator: locator('h1')
    Expected string: "Thanksgiving Menu Collection"
    Received: <element(s) not found>
    Timeout: 5000ms

    Call log:
      - Expect "toContainText" with timeout 5000ms
      - waiting for locator('h1')


       9 |     
      10 |     // Check main heading
    > 11 |     await expect(page.locator('h1')).toContainText('Thanksgiving Menu Collection');
         |                                      ^
      12 |     
      13 |     // Check subtitle (use first lead element)
      14 |     await expect(page.locator('.lead').first()).toContainText('A collection of Thanksgiving menus from 1994 to today');
        at /Users/bobmaguire/repos/thanksgiving/tests/e2e/smoke.spec.ts:11:38

    attachment #1: screenshot (image/png) ──────────────────────────────────────────────────────────
    ../../test-results/smoke-Smoke-Tests---End-to-b1c3a-ould-load-and-display-menus-chromium/test-failed-1.png
    ────────────────────────────────────────────────────────────────────────────────────────────────

    attachment #2: video (video/webm) ──────────────────────────────────────────────────────────────
    ../../test-results/smoke-Smoke-Tests---End-to-b1c3a-ould-load-and-display-menus-chromium/video.webm
    ────────────────────────────────────────────────────────────────────────────────────────────────

    Error Context: ../../test-results/smoke-Smoke-Tests---End-to-b1c3a-ould-load-and-display-menus-chromium/error-context.md
]]>
</failure>
<system-out>
<![CDATA[
[[ATTACHMENT|smoke-Smoke-Tests---End-to-b1c3a-ould-load-and-display-menus-chromium/test-failed-1.png]]

[[ATTACHMENT|smoke-Smoke-Tests---End-to-b1c3a-ould-load-and-display-menus-chromium/video.webm]]

[[ATTACHMENT|smoke-Smoke-Tests---End-to-b1c3a-ould-load-and-display-menus-chromium/error-context.md]]
]]>
</system-out>
</testcase>
<testcase name="Smoke Tests - End-to-End › should navigate to menu detail page" classname="smoke.spec.ts" time="9.111">
<failure message="smoke.spec.ts:26:7 should navigate to menu detail page" type="FAILURE">
<![CDATA[  [chromium] › smoke.spec.ts:26:7 › Smoke Tests - End-to-End › should navigate to menu detail page ─

    Error: expect(locator).toBeVisible() failed

    Locator:  locator('.btn-view-details').first()
    Expected: visible
    Received: <element(s) not found>
    Timeout:  5000ms

    Call log:
      - Expect "toBeVisible" with timeout 5000ms
      - waiting for locator('.btn-view-details').first()


      29 |     // Click on the first "View Details" button (using btn-view-details class)
      30 |     const firstViewDetailsButton = page.locator('.btn-view-details').first();
    > 31 |     await expect(firstViewDetailsButton).toBeVisible();
         |                                          ^
      32 |     await firstViewDetailsButton.click();
      33 |     
      34 |     // Should navigate to detail page
        at /Users/bobmaguire/repos/thanksgiving/tests/e2e/smoke.spec.ts:31:42

    attachment #1: screenshot (image/png) ──────────────────────────────────────────────────────────
    ../../test-results/smoke-Smoke-Tests---End-to-91342-avigate-to-menu-detail-page-chromium/test-failed-1.png
    ────────────────────────────────────────────────────────────────────────────────────────────────

    attachment #2: video (video/webm) ──────────────────────────────────────────────────────────────
    ../../test-results/smoke-Smoke-Tests---End-to-91342-avigate-to-menu-detail-page-chromium/video.webm
    ────────────────────────────────────────────────────────────────────────────────────────────────

    Error Context: ../../test-results/smoke-Smoke-Tests---End-to-91342-avigate-to-menu-detail-page-chromium/error-context.md
]]>
</failure>
<system-out>
<![CDATA[
[[ATTACHMENT|smoke-Smoke-Tests---End-to-91342-avigate-to-menu-detail-page-chromium/test-failed-1.png]]

[[ATTACHMENT|smoke-Smoke-Tests---End-to-91342-avigate-to-menu-detail-page-chromium/video.webm]]

[[ATTACHMENT|smoke-Smoke-Tests---End-to-91342-avigate-to-menu-detail-page-chromium/error-context.md]]
]]>
</system-out>
</testcase>
<testcase name="Smoke Tests - End-to-End › version API should return correct response" classname="smoke.spec.ts" time="3.963">
<failure message="smoke.spec.ts:42:7 version API should return correct response" type="FAILURE">
<![CDATA[  [chromium] › smoke.spec.ts:42:7 › Smoke Tests - End-to-End › version API should return correct response 

    Error: expect(received).toMatchObject(expected)

    - Expected  - 1
    + Received  + 1

      Object {
        "data": Object {
          "buildDate": Any<String>,
          "environment": Any<String>,
    -     "version": "2.0.0",
    +     "version": "2.8.1",
        },
        "success": true,
      }

      46 |     
      47 |     const data = await response.json();
    > 48 |     expect(data).toMatchObject({
         |                  ^
      49 |       success: true,
      50 |       data: {
      51 |         version: '2.0.0',
        at /Users/bobmaguire/repos/thanksgiving/tests/e2e/smoke.spec.ts:48:18

    attachment #1: screenshot (image/png) ──────────────────────────────────────────────────────────
    ../../test-results/smoke-Smoke-Tests---End-to-54efa-uld-return-correct-response-chromium/test-failed-1.png
    ────────────────────────────────────────────────────────────────────────────────────────────────

    attachment #2: video (video/webm) ──────────────────────────────────────────────────────────────
    ../../test-results/smoke-Smoke-Tests---End-to-54efa-uld-return-correct-response-chromium/video.webm
    ────────────────────────────────────────────────────────────────────────────────────────────────
]]>
</failure>
<system-out>
<![CDATA[
[[ATTACHMENT|smoke-Smoke-Tests---End-to-54efa-uld-return-correct-response-chromium/test-failed-1.png]]

[[ATTACHMENT|smoke-Smoke-Tests---End-to-54efa-uld-return-correct-response-chromium/video.webm]]
]]>
</system-out>
</testcase>
<testcase name="Smoke Tests - End-to-End › database setup API should work" classname="smoke.spec.ts" time="3.957">
</testcase>
<testcase name="Smoke Tests - End-to-End › should display Grandma Maguire image correctly" classname="smoke.spec.ts" time="9.116">
<failure message="smoke.spec.ts:82:7 should display Grandma Maguire image correctly" type="FAILURE">
<![CDATA[  [chromium] › smoke.spec.ts:82:7 › Smoke Tests - End-to-End › should display Grandma Maguire image correctly 

    Error: expect(locator).toBeVisible() failed

    Locator:  locator('img[src*="Grandma80s"]')
    Expected: visible
    Received: <element(s) not found>
    Timeout:  5000ms

    Call log:
      - Expect "toBeVisible" with timeout 5000ms
      - waiting for locator('img[src*="Grandma80s"]')


      85 |     // Check that Grandma's image is visible
      86 |     const grandmaImage = page.locator('img[src*="Grandma80s"]');
    > 87 |     await expect(grandmaImage).toBeVisible();
         |                                ^
      88 |     
      89 |     // Check that the stats section layout is correct (use first one)
      90 |     const statsSection = page.locator('.stats-section').first();
        at /Users/bobmaguire/repos/thanksgiving/tests/e2e/smoke.spec.ts:87:32

    attachment #1: screenshot (image/png) ──────────────────────────────────────────────────────────
    ../../test-results/smoke-Smoke-Tests---End-to-71030-dma-Maguire-image-correctly-chromium/test-failed-1.png
    ────────────────────────────────────────────────────────────────────────────────────────────────

    attachment #2: video (video/webm) ──────────────────────────────────────────────────────────────
    ../../test-results/smoke-Smoke-Tests---End-to-71030-dma-Maguire-image-correctly-chromium/video.webm
    ────────────────────────────────────────────────────────────────────────────────────────────────

    Error Context: ../../test-results/smoke-Smoke-Tests---End-to-71030-dma-Maguire-image-correctly-chromium/error-context.md
]]>
</failure>
<system-out>
<![CDATA[
[[ATTACHMENT|smoke-Smoke-Tests---End-to-71030-dma-Maguire-image-correctly-chromium/test-failed-1.png]]

[[ATTACHMENT|smoke-Smoke-Tests---End-to-71030-dma-Maguire-image-correctly-chromium/video.webm]]

[[ATTACHMENT|smoke-Smoke-Tests---End-to-71030-dma-Maguire-image-correctly-chromium/error-context.md]]
]]>
</system-out>
</testcase>
<testcase name="Smoke Tests - End-to-End › should be responsive on mobile" classname="smoke.spec.ts" time="9.107">
<failure message="smoke.spec.ts:94:7 should be responsive on mobile" type="FAILURE">
<![CDATA[  [chromium] › smoke.spec.ts:94:7 › Smoke Tests - End-to-End › should be responsive on mobile ──────

    Error: expect(locator).toBeVisible() failed

    Locator:  locator('.menu-card').first()
    Expected: visible
    Received: <element(s) not found>
    Timeout:  5000ms

    Call log:
      - Expect "toBeVisible" with timeout 5000ms
      - waiting for locator('.menu-card').first()


      104 |     // Check that menu cards stack vertically
      105 |     const menuCards = page.locator('.menu-card');
    > 106 |     await expect(menuCards.first()).toBeVisible();
          |                                     ^
      107 |   });
      108 |
      109 |   test('should handle 404 pages gracefully', async ({ page }) => {
        at /Users/bobmaguire/repos/thanksgiving/tests/e2e/smoke.spec.ts:106:37

    attachment #1: screenshot (image/png) ──────────────────────────────────────────────────────────
    ../../test-results/smoke-Smoke-Tests---End-to-9a03d-uld-be-responsive-on-mobile-chromium/test-failed-1.png
    ────────────────────────────────────────────────────────────────────────────────────────────────

    attachment #2: video (video/webm) ──────────────────────────────────────────────────────────────
    ../../test-results/smoke-Smoke-Tests---End-to-9a03d-uld-be-responsive-on-mobile-chromium/video.webm
    ────────────────────────────────────────────────────────────────────────────────────────────────

    Error Context: ../../test-results/smoke-Smoke-Tests---End-to-9a03d-uld-be-responsive-on-mobile-chromium/error-context.md
]]>
</failure>
<system-out>
<![CDATA[
[[ATTACHMENT|smoke-Smoke-Tests---End-to-9a03d-uld-be-responsive-on-mobile-chromium/test-failed-1.png]]

[[ATTACHMENT|smoke-Smoke-Tests---End-to-9a03d-uld-be-responsive-on-mobile-chromium/video.webm]]

[[ATTACHMENT|smoke-Smoke-Tests---End-to-9a03d-uld-be-responsive-on-mobile-chromium/error-context.md]]
]]>
</system-out>
</testcase>
<testcase name="Smoke Tests - End-to-End › should handle 404 pages gracefully" classname="smoke.spec.ts" time="8.904">
<failure message="smoke.spec.ts:109:7 should handle 404 pages gracefully" type="FAILURE">
<![CDATA[  [chromium] › smoke.spec.ts:109:7 › Smoke Tests - End-to-End › should handle 404 pages gracefully ─

    Error: expect(locator).toContainText(expected) failed

    Locator: locator('h1')
    Expected string: "Error"
    Received: <element(s) not found>
    Timeout: 5000ms

    Call log:
      - Expect "toContainText" with timeout 5000ms
      - waiting for locator('h1')


      112 |     
      113 |     // Check that error page is displayed
    > 114 |     await expect(page.locator('h1')).toContainText('Error');
          |                                      ^
      115 |   });
      116 |
      117 |   test('should load all required CSS and JavaScript', async ({ page }) => {
        at /Users/bobmaguire/repos/thanksgiving/tests/e2e/smoke.spec.ts:114:38

    attachment #1: screenshot (image/png) ──────────────────────────────────────────────────────────
    ../../test-results/smoke-Smoke-Tests---End-to-482a8-handle-404-pages-gracefully-chromium/test-failed-1.png
    ────────────────────────────────────────────────────────────────────────────────────────────────

    attachment #2: video (video/webm) ──────────────────────────────────────────────────────────────
    ../../test-results/smoke-Smoke-Tests---End-to-482a8-handle-404-pages-gracefully-chromium/video.webm
    ────────────────────────────────────────────────────────────────────────────────────────────────

    Error Context: ../../test-results/smoke-Smoke-Tests---End-to-482a8-handle-404-pages-gracefully-chromium/error-context.md
]]>
</failure>
<system-out>
<![CDATA[
[[ATTACHMENT|smoke-Smoke-Tests---End-to-482a8-handle-404-pages-gracefully-chromium/test-failed-1.png]]

[[ATTACHMENT|smoke-Smoke-Tests---End-to-482a8-handle-404-pages-gracefully-chromium/video.webm]]

[[ATTACHMENT|smoke-Smoke-Tests---End-to-482a8-handle-404-pages-gracefully-chromium/error-context.md]]
]]>
</system-out>
</testcase>
<testcase name="Smoke Tests - End-to-End › should load all required CSS and JavaScript" classname="smoke.spec.ts" time="0.415">
</testcase>
<testcase name="Smoke Tests - End-to-End › should have proper meta tags" classname="smoke.spec.ts" time="5.399">
<failure message="smoke.spec.ts:133:7 should have proper meta tags" type="FAILURE">
<![CDATA[  [chromium] › smoke.spec.ts:133:7 › Smoke Tests - End-to-End › should have proper meta tags ───────

    Error: expect(locator).toHaveAttribute(expected) failed

    Locator: locator('meta[charset]')
    Expected string: "utf-8"
    Received string: "UTF-8"
    Timeout: 5000ms

    Call log:
      - Expect "toHaveAttribute" with timeout 5000ms
      - waiting for locator('meta[charset]')
        9 × locator resolved to <meta charset="UTF-8"/>
          - unexpected value "UTF-8"


      140 |     // Check charset
      141 |     const charset = page.locator('meta[charset]');
    > 142 |     await expect(charset).toHaveAttribute('charset', 'utf-8');
          |                           ^
      143 |   });
      144 | });
      145 |
        at /Users/bobmaguire/repos/thanksgiving/tests/e2e/smoke.spec.ts:142:27

    attachment #1: screenshot (image/png) ──────────────────────────────────────────────────────────
    ../../test-results/smoke-Smoke-Tests---End-to-End-should-have-proper-meta-tags-chromium/test-failed-1.png
    ────────────────────────────────────────────────────────────────────────────────────────────────

    attachment #2: video (video/webm) ──────────────────────────────────────────────────────────────
    ../../test-results/smoke-Smoke-Tests---End-to-End-should-have-proper-meta-tags-chromium/video.webm
    ────────────────────────────────────────────────────────────────────────────────────────────────

    Error Context: ../../test-results/smoke-Smoke-Tests---End-to-End-should-have-proper-meta-tags-chromium/error-context.md
]]>
</failure>
<system-out>
<![CDATA[
[[ATTACHMENT|smoke-Smoke-Tests---End-to-End-should-have-proper-meta-tags-chromium/test-failed-1.png]]

[[ATTACHMENT|smoke-Smoke-Tests---End-to-End-should-have-proper-meta-tags-chromium/video.webm]]

[[ATTACHMENT|smoke-Smoke-Tests---End-to-End-should-have-proper-meta-tags-chromium/error-context.md]]
]]>
</system-out>
</testcase>
</testsuite>
<testsuite name="smoke.spec.ts" timestamp="2025-09-29T16:49:19.950Z" hostname="firefox" tests="9" failures="7" skipped="0" time="46.641" errors="0">
<testcase name="Smoke Tests - End-to-End › homepage should load and display menus" classname="smoke.spec.ts" time="5.894">
<failure message="smoke.spec.ts:4:7 homepage should load and display menus" type="FAILURE">
<![CDATA[  [firefox] › smoke.spec.ts:4:7 › Smoke Tests - End-to-End › homepage should load and display menus 

    Error: expect(locator).toContainText(expected) failed

    Locator: locator('h1')
    Expected string: "Thanksgiving Menu Collection"
    Received: <element(s) not found>
    Timeout: 5000ms

    Call log:
      - Expect "toContainText" with timeout 5000ms
      - waiting for locator('h1')


       9 |     
      10 |     // Check main heading
    > 11 |     await expect(page.locator('h1')).toContainText('Thanksgiving Menu Collection');
         |                                      ^
      12 |     
      13 |     // Check subtitle (use first lead element)
      14 |     await expect(page.locator('.lead').first()).toContainText('A collection of Thanksgiving menus from 1994 to today');
        at /Users/bobmaguire/repos/thanksgiving/tests/e2e/smoke.spec.ts:11:38

    attachment #1: screenshot (image/png) ──────────────────────────────────────────────────────────
    ../../test-results/smoke-Smoke-Tests---End-to-b1c3a-ould-load-and-display-menus-firefox/test-failed-1.png
    ────────────────────────────────────────────────────────────────────────────────────────────────

    attachment #2: video (video/webm) ──────────────────────────────────────────────────────────────
    ../../test-results/smoke-Smoke-Tests---End-to-b1c3a-ould-load-and-display-menus-firefox/video.webm
    ────────────────────────────────────────────────────────────────────────────────────────────────

    Error Context: ../../test-results/smoke-Smoke-Tests---End-to-b1c3a-ould-load-and-display-menus-firefox/error-context.md
]]>
</failure>
<system-out>
<![CDATA[
[[ATTACHMENT|smoke-Smoke-Tests---End-to-b1c3a-ould-load-and-display-menus-firefox/test-failed-1.png]]

[[ATTACHMENT|smoke-Smoke-Tests---End-to-b1c3a-ould-load-and-display-menus-firefox/video.webm]]

[[ATTACHMENT|smoke-Smoke-Tests---End-to-b1c3a-ould-load-and-display-menus-firefox/error-context.md]]
]]>
</system-out>
</testcase>
<testcase name="Smoke Tests - End-to-End › should navigate to menu detail page" classname="smoke.spec.ts" time="5.883">
<failure message="smoke.spec.ts:26:7 should navigate to menu detail page" type="FAILURE">
<![CDATA[  [firefox] › smoke.spec.ts:26:7 › Smoke Tests - End-to-End › should navigate to menu detail page ──

    Error: expect(locator).toBeVisible() failed

    Locator:  locator('.btn-view-details').first()
    Expected: visible
    Received: <element(s) not found>
    Timeout:  5000ms

    Call log:
      - Expect "toBeVisible" with timeout 5000ms
      - waiting for locator('.btn-view-details').first()


      29 |     // Click on the first "View Details" button (using btn-view-details class)
      30 |     const firstViewDetailsButton = page.locator('.btn-view-details').first();
    > 31 |     await expect(firstViewDetailsButton).toBeVisible();
         |                                          ^
      32 |     await firstViewDetailsButton.click();
      33 |     
      34 |     // Should navigate to detail page
        at /Users/bobmaguire/repos/thanksgiving/tests/e2e/smoke.spec.ts:31:42

    attachment #1: screenshot (image/png) ──────────────────────────────────────────────────────────
    ../../test-results/smoke-Smoke-Tests---End-to-91342-avigate-to-menu-detail-page-firefox/test-failed-1.png
    ────────────────────────────────────────────────────────────────────────────────────────────────

    attachment #2: video (video/webm) ──────────────────────────────────────────────────────────────
    ../../test-results/smoke-Smoke-Tests---End-to-91342-avigate-to-menu-detail-page-firefox/video.webm
    ────────────────────────────────────────────────────────────────────────────────────────────────

    Error Context: ../../test-results/smoke-Smoke-Tests---End-to-91342-avigate-to-menu-detail-page-firefox/error-context.md
]]>
</failure>
<system-out>
<![CDATA[
[[ATTACHMENT|smoke-Smoke-Tests---End-to-91342-avigate-to-menu-detail-page-firefox/test-failed-1.png]]

[[ATTACHMENT|smoke-Smoke-Tests---End-to-91342-avigate-to-menu-detail-page-firefox/video.webm]]

[[ATTACHMENT|smoke-Smoke-Tests---End-to-91342-avigate-to-menu-detail-page-firefox/error-context.md]]
]]>
</system-out>
</testcase>
<testcase name="Smoke Tests - End-to-End › version API should return correct response" classname="smoke.spec.ts" time="0.579">
<failure message="smoke.spec.ts:42:7 version API should return correct response" type="FAILURE">
<![CDATA[  [firefox] › smoke.spec.ts:42:7 › Smoke Tests - End-to-End › version API should return correct response 

    Error: expect(received).toMatchObject(expected)

    - Expected  - 1
    + Received  + 1

      Object {
        "data": Object {
          "buildDate": Any<String>,
          "environment": Any<String>,
    -     "version": "2.0.0",
    +     "version": "2.8.1",
        },
        "success": true,
      }

      46 |     
      47 |     const data = await response.json();
    > 48 |     expect(data).toMatchObject({
         |                  ^
      49 |       success: true,
      50 |       data: {
      51 |         version: '2.0.0',
        at /Users/bobmaguire/repos/thanksgiving/tests/e2e/smoke.spec.ts:48:18

    attachment #1: screenshot (image/png) ──────────────────────────────────────────────────────────
    ../../test-results/smoke-Smoke-Tests---End-to-54efa-uld-return-correct-response-firefox/test-failed-1.png
    ────────────────────────────────────────────────────────────────────────────────────────────────

    attachment #2: video (video/webm) ──────────────────────────────────────────────────────────────
    ../../test-results/smoke-Smoke-Tests---End-to-54efa-uld-return-correct-response-firefox/video.webm
    ────────────────────────────────────────────────────────────────────────────────────────────────
]]>
</failure>
<system-out>
<![CDATA[
[[ATTACHMENT|smoke-Smoke-Tests---End-to-54efa-uld-return-correct-response-firefox/test-failed-1.png]]

[[ATTACHMENT|smoke-Smoke-Tests---End-to-54efa-uld-return-correct-response-firefox/video.webm]]
]]>
</system-out>
</testcase>
<testcase name="Smoke Tests - End-to-End › database setup API should work" classname="smoke.spec.ts" time="4.159">
</testcase>
<testcase name="Smoke Tests - End-to-End › should display Grandma Maguire image correctly" classname="smoke.spec.ts" time="5.835">
<failure message="smoke.spec.ts:82:7 should display Grandma Maguire image correctly" type="FAILURE">
<![CDATA[  [firefox] › smoke.spec.ts:82:7 › Smoke Tests - End-to-End › should display Grandma Maguire image correctly 

    Error: expect(locator).toBeVisible() failed

    Locator:  locator('img[src*="Grandma80s"]')
    Expected: visible
    Received: <element(s) not found>
    Timeout:  5000ms

    Call log:
      - Expect "toBeVisible" with timeout 5000ms
      - waiting for locator('img[src*="Grandma80s"]')


      85 |     // Check that Grandma's image is visible
      86 |     const grandmaImage = page.locator('img[src*="Grandma80s"]');
    > 87 |     await expect(grandmaImage).toBeVisible();
         |                                ^
      88 |     
      89 |     // Check that the stats section layout is correct (use first one)
      90 |     const statsSection = page.locator('.stats-section').first();
        at /Users/bobmaguire/repos/thanksgiving/tests/e2e/smoke.spec.ts:87:32

    attachment #1: screenshot (image/png) ──────────────────────────────────────────────────────────
    ../../test-results/smoke-Smoke-Tests---End-to-71030-dma-Maguire-image-correctly-firefox/test-failed-1.png
    ────────────────────────────────────────────────────────────────────────────────────────────────

    attachment #2: video (video/webm) ──────────────────────────────────────────────────────────────
    ../../test-results/smoke-Smoke-Tests---End-to-71030-dma-Maguire-image-correctly-firefox/video.webm
    ────────────────────────────────────────────────────────────────────────────────────────────────

    Error Context: ../../test-results/smoke-Smoke-Tests---End-to-71030-dma-Maguire-image-correctly-firefox/error-context.md
]]>
</failure>
<system-out>
<![CDATA[
[[ATTACHMENT|smoke-Smoke-Tests---End-to-71030-dma-Maguire-image-correctly-firefox/test-failed-1.png]]

[[ATTACHMENT|smoke-Smoke-Tests---End-to-71030-dma-Maguire-image-correctly-firefox/video.webm]]

[[ATTACHMENT|smoke-Smoke-Tests---End-to-71030-dma-Maguire-image-correctly-firefox/error-context.md]]
]]>
</system-out>
</testcase>
<testcase name="Smoke Tests - End-to-End › should be responsive on mobile" classname="smoke.spec.ts" time="6.034">
<failure message="smoke.spec.ts:94:7 should be responsive on mobile" type="FAILURE">
<![CDATA[  [firefox] › smoke.spec.ts:94:7 › Smoke Tests - End-to-End › should be responsive on mobile ───────

    Error: expect(locator).toBeVisible() failed

    Locator:  locator('.menu-card').first()
    Expected: visible
    Received: <element(s) not found>
    Timeout:  5000ms

    Call log:
      - Expect "toBeVisible" with timeout 5000ms
      - waiting for locator('.menu-card').first()


      104 |     // Check that menu cards stack vertically
      105 |     const menuCards = page.locator('.menu-card');
    > 106 |     await expect(menuCards.first()).toBeVisible();
          |                                     ^
      107 |   });
      108 |
      109 |   test('should handle 404 pages gracefully', async ({ page }) => {
        at /Users/bobmaguire/repos/thanksgiving/tests/e2e/smoke.spec.ts:106:37

    attachment #1: screenshot (image/png) ──────────────────────────────────────────────────────────
    ../../test-results/smoke-Smoke-Tests---End-to-9a03d-uld-be-responsive-on-mobile-firefox/test-failed-1.png
    ────────────────────────────────────────────────────────────────────────────────────────────────

    attachment #2: video (video/webm) ──────────────────────────────────────────────────────────────
    ../../test-results/smoke-Smoke-Tests---End-to-9a03d-uld-be-responsive-on-mobile-firefox/video.webm
    ────────────────────────────────────────────────────────────────────────────────────────────────

    Error Context: ../../test-results/smoke-Smoke-Tests---End-to-9a03d-uld-be-responsive-on-mobile-firefox/error-context.md
]]>
</failure>
<system-out>
<![CDATA[
[[ATTACHMENT|smoke-Smoke-Tests---End-to-9a03d-uld-be-responsive-on-mobile-firefox/test-failed-1.png]]

[[ATTACHMENT|smoke-Smoke-Tests---End-to-9a03d-uld-be-responsive-on-mobile-firefox/video.webm]]

[[ATTACHMENT|smoke-Smoke-Tests---End-to-9a03d-uld-be-responsive-on-mobile-firefox/error-context.md]]
]]>
</system-out>
</testcase>
<testcase name="Smoke Tests - End-to-End › should handle 404 pages gracefully" classname="smoke.spec.ts" time="5.626">
<failure message="smoke.spec.ts:109:7 should handle 404 pages gracefully" type="FAILURE">
<![CDATA[  [firefox] › smoke.spec.ts:109:7 › Smoke Tests - End-to-End › should handle 404 pages gracefully ──

    Error: expect(locator).toContainText(expected) failed

    Locator: locator('h1')
    Expected string: "Error"
    Received: <element(s) not found>
    Timeout: 5000ms

    Call log:
      - Expect "toContainText" with timeout 5000ms
      - waiting for locator('h1')


      112 |     
      113 |     // Check that error page is displayed
    > 114 |     await expect(page.locator('h1')).toContainText('Error');
          |                                      ^
      115 |   });
      116 |
      117 |   test('should load all required CSS and JavaScript', async ({ page }) => {
        at /Users/bobmaguire/repos/thanksgiving/tests/e2e/smoke.spec.ts:114:38

    attachment #1: screenshot (image/png) ──────────────────────────────────────────────────────────
    ../../test-results/smoke-Smoke-Tests---End-to-482a8-handle-404-pages-gracefully-firefox/test-failed-1.png
    ────────────────────────────────────────────────────────────────────────────────────────────────

    attachment #2: video (video/webm) ──────────────────────────────────────────────────────────────
    ../../test-results/smoke-Smoke-Tests---End-to-482a8-handle-404-pages-gracefully-firefox/video.webm
    ────────────────────────────────────────────────────────────────────────────────────────────────

    Error Context: ../../test-results/smoke-Smoke-Tests---End-to-482a8-handle-404-pages-gracefully-firefox/error-context.md
]]>
</failure>
<system-out>
<![CDATA[
[[ATTACHMENT|smoke-Smoke-Tests---End-to-482a8-handle-404-pages-gracefully-firefox/test-failed-1.png]]

[[ATTACHMENT|smoke-Smoke-Tests---End-to-482a8-handle-404-pages-gracefully-firefox/video.webm]]

[[ATTACHMENT|smoke-Smoke-Tests---End-to-482a8-handle-404-pages-gracefully-firefox/error-context.md]]
]]>
</system-out>
</testcase>
<testcase name="Smoke Tests - End-to-End › should load all required CSS and JavaScript" classname="smoke.spec.ts" time="3.976">
</testcase>
<testcase name="Smoke Tests - End-to-End › should have proper meta tags" classname="smoke.spec.ts" time="8.655">
<failure message="smoke.spec.ts:133:7 should have proper meta tags" type="FAILURE">
<![CDATA[  [firefox] › smoke.spec.ts:133:7 › Smoke Tests - End-to-End › should have proper meta tags ────────

    Error: expect(locator).toHaveAttribute(expected) failed

    Locator: locator('meta[charset]')
    Expected string: "utf-8"
    Received string: "UTF-8"
    Timeout: 5000ms

    Call log:
      - Expect "toHaveAttribute" with timeout 5000ms
      - waiting for locator('meta[charset]')
        9 × locator resolved to <meta charset="UTF-8"/>
          - unexpected value "UTF-8"


      140 |     // Check charset
      141 |     const charset = page.locator('meta[charset]');
    > 142 |     await expect(charset).toHaveAttribute('charset', 'utf-8');
          |                           ^
      143 |   });
      144 | });
      145 |
        at /Users/bobmaguire/repos/thanksgiving/tests/e2e/smoke.spec.ts:142:27

    attachment #1: screenshot (image/png) ──────────────────────────────────────────────────────────
    ../../test-results/smoke-Smoke-Tests---End-to-End-should-have-proper-meta-tags-firefox/test-failed-1.png
    ────────────────────────────────────────────────────────────────────────────────────────────────

    attachment #2: video (video/webm) ──────────────────────────────────────────────────────────────
    ../../test-results/smoke-Smoke-Tests---End-to-End-should-have-proper-meta-tags-firefox/video.webm
    ────────────────────────────────────────────────────────────────────────────────────────────────

    Error Context: ../../test-results/smoke-Smoke-Tests---End-to-End-should-have-proper-meta-tags-firefox/error-context.md
]]>
</failure>
<system-out>
<![CDATA[
[[ATTACHMENT|smoke-Smoke-Tests---End-to-End-should-have-proper-meta-tags-firefox/test-failed-1.png]]

[[ATTACHMENT|smoke-Smoke-Tests---End-to-End-should-have-proper-meta-tags-firefox/video.webm]]

[[ATTACHMENT|smoke-Smoke-Tests---End-to-End-should-have-proper-meta-tags-firefox/error-context.md]]
]]>
</system-out>
</testcase>
</testsuite>
<testsuite name="smoke.spec.ts" timestamp="2025-09-29T16:49:19.950Z" hostname="webkit" tests="9" failures="7" skipped="0" time="47.907" errors="0">
<testcase name="Smoke Tests - End-to-End › homepage should load and display menus" classname="smoke.spec.ts" time="5.769">
<failure message="smoke.spec.ts:4:7 homepage should load and display menus" type="FAILURE">
<![CDATA[  [webkit] › smoke.spec.ts:4:7 › Smoke Tests - End-to-End › homepage should load and display menus ─

    Error: expect(locator).toContainText(expected) failed

    Locator: locator('h1')
    Expected string: "Thanksgiving Menu Collection"
    Received: <element(s) not found>
    Timeout: 5000ms

    Call log:
      - Expect "toContainText" with timeout 5000ms
      - waiting for locator('h1')


       9 |     
      10 |     // Check main heading
    > 11 |     await expect(page.locator('h1')).toContainText('Thanksgiving Menu Collection');
         |                                      ^
      12 |     
      13 |     // Check subtitle (use first lead element)
      14 |     await expect(page.locator('.lead').first()).toContainText('A collection of Thanksgiving menus from 1994 to today');
        at /Users/bobmaguire/repos/thanksgiving/tests/e2e/smoke.spec.ts:11:38

    attachment #1: screenshot (image/png) ──────────────────────────────────────────────────────────
    ../../test-results/smoke-Smoke-Tests---End-to-b1c3a-ould-load-and-display-menus-webkit/test-failed-1.png
    ────────────────────────────────────────────────────────────────────────────────────────────────

    attachment #2: video (video/webm) ──────────────────────────────────────────────────────────────
    ../../test-results/smoke-Smoke-Tests---End-to-b1c3a-ould-load-and-display-menus-webkit/video.webm
    ────────────────────────────────────────────────────────────────────────────────────────────────

    Error Context: ../../test-results/smoke-Smoke-Tests---End-to-b1c3a-ould-load-and-display-menus-webkit/error-context.md
]]>
</failure>
<system-out>
<![CDATA[
[[ATTACHMENT|smoke-Smoke-Tests---End-to-b1c3a-ould-load-and-display-menus-webkit/test-failed-1.png]]

[[ATTACHMENT|smoke-Smoke-Tests---End-to-b1c3a-ould-load-and-display-menus-webkit/video.webm]]

[[ATTACHMENT|smoke-Smoke-Tests---End-to-b1c3a-ould-load-and-display-menus-webkit/error-context.md]]
]]>
</system-out>
</testcase>
<testcase name="Smoke Tests - End-to-End › should navigate to menu detail page" classname="smoke.spec.ts" time="5.653">
<failure message="smoke.spec.ts:26:7 should navigate to menu detail page" type="FAILURE">
<![CDATA[  [webkit] › smoke.spec.ts:26:7 › Smoke Tests - End-to-End › should navigate to menu detail page ───

    Error: expect(locator).toBeVisible() failed

    Locator:  locator('.btn-view-details').first()
    Expected: visible
    Received: <element(s) not found>
    Timeout:  5000ms

    Call log:
      - Expect "toBeVisible" with timeout 5000ms
      - waiting for locator('.btn-view-details').first()


      29 |     // Click on the first "View Details" button (using btn-view-details class)
      30 |     const firstViewDetailsButton = page.locator('.btn-view-details').first();
    > 31 |     await expect(firstViewDetailsButton).toBeVisible();
         |                                          ^
      32 |     await firstViewDetailsButton.click();
      33 |     
      34 |     // Should navigate to detail page
        at /Users/bobmaguire/repos/thanksgiving/tests/e2e/smoke.spec.ts:31:42

    attachment #1: screenshot (image/png) ──────────────────────────────────────────────────────────
    ../../test-results/smoke-Smoke-Tests---End-to-91342-avigate-to-menu-detail-page-webkit/test-failed-1.png
    ────────────────────────────────────────────────────────────────────────────────────────────────

    attachment #2: video (video/webm) ──────────────────────────────────────────────────────────────
    ../../test-results/smoke-Smoke-Tests---End-to-91342-avigate-to-menu-detail-page-webkit/video.webm
    ────────────────────────────────────────────────────────────────────────────────────────────────

    Error Context: ../../test-results/smoke-Smoke-Tests---End-to-91342-avigate-to-menu-detail-page-webkit/error-context.md
]]>
</failure>
<system-out>
<![CDATA[
[[ATTACHMENT|smoke-Smoke-Tests---End-to-91342-avigate-to-menu-detail-page-webkit/test-failed-1.png]]

[[ATTACHMENT|smoke-Smoke-Tests---End-to-91342-avigate-to-menu-detail-page-webkit/video.webm]]

[[ATTACHMENT|smoke-Smoke-Tests---End-to-91342-avigate-to-menu-detail-page-webkit/error-context.md]]
]]>
</system-out>
</testcase>
<testcase name="Smoke Tests - End-to-End › version API should return correct response" classname="smoke.spec.ts" time="0.445">
<failure message="smoke.spec.ts:42:7 version API should return correct response" type="FAILURE">
<![CDATA[  [webkit] › smoke.spec.ts:42:7 › Smoke Tests - End-to-End › version API should return correct response 

    Error: expect(received).toMatchObject(expected)

    - Expected  - 1
    + Received  + 1

      Object {
        "data": Object {
          "buildDate": Any<String>,
          "environment": Any<String>,
    -     "version": "2.0.0",
    +     "version": "2.8.1",
        },
        "success": true,
      }

      46 |     
      47 |     const data = await response.json();
    > 48 |     expect(data).toMatchObject({
         |                  ^
      49 |       success: true,
      50 |       data: {
      51 |         version: '2.0.0',
        at /Users/bobmaguire/repos/thanksgiving/tests/e2e/smoke.spec.ts:48:18

    attachment #1: screenshot (image/png) ──────────────────────────────────────────────────────────
    ../../test-results/smoke-Smoke-Tests---End-to-54efa-uld-return-correct-response-webkit/test-failed-1.png
    ────────────────────────────────────────────────────────────────────────────────────────────────

    attachment #2: video (video/webm) ──────────────────────────────────────────────────────────────
    ../../test-results/smoke-Smoke-Tests---End-to-54efa-uld-return-correct-response-webkit/video.webm
    ────────────────────────────────────────────────────────────────────────────────────────────────
]]>
</failure>
<system-out>
<![CDATA[
[[ATTACHMENT|smoke-Smoke-Tests---End-to-54efa-uld-return-correct-response-webkit/test-failed-1.png]]

[[ATTACHMENT|smoke-Smoke-Tests---End-to-54efa-uld-return-correct-response-webkit/video.webm]]
]]>
</system-out>
</testcase>
<testcase name="Smoke Tests - End-to-End › database setup API should work" classname="smoke.spec.ts" time="3.823">
</testcase>
<testcase name="Smoke Tests - End-to-End › should display Grandma Maguire image correctly" classname="smoke.spec.ts" time="8.97">
<failure message="smoke.spec.ts:82:7 should display Grandma Maguire image correctly" type="FAILURE">
<![CDATA[  [webkit] › smoke.spec.ts:82:7 › Smoke Tests - End-to-End › should display Grandma Maguire image correctly 

    Error: expect(locator).toBeVisible() failed

    Locator:  locator('img[src*="Grandma80s"]')
    Expected: visible
    Received: <element(s) not found>
    Timeout:  5000ms

    Call log:
      - Expect "toBeVisible" with timeout 5000ms
      - waiting for locator('img[src*="Grandma80s"]')


      85 |     // Check that Grandma's image is visible
      86 |     const grandmaImage = page.locator('img[src*="Grandma80s"]');
    > 87 |     await expect(grandmaImage).toBeVisible();
         |                                ^
      88 |     
      89 |     // Check that the stats section layout is correct (use first one)
      90 |     const statsSection = page.locator('.stats-section').first();
        at /Users/bobmaguire/repos/thanksgiving/tests/e2e/smoke.spec.ts:87:32

    attachment #1: screenshot (image/png) ──────────────────────────────────────────────────────────
    ../../test-results/smoke-Smoke-Tests---End-to-71030-dma-Maguire-image-correctly-webkit/test-failed-1.png
    ────────────────────────────────────────────────────────────────────────────────────────────────

    attachment #2: video (video/webm) ──────────────────────────────────────────────────────────────
    ../../test-results/smoke-Smoke-Tests---End-to-71030-dma-Maguire-image-correctly-webkit/video.webm
    ────────────────────────────────────────────────────────────────────────────────────────────────

    Error Context: ../../test-results/smoke-Smoke-Tests---End-to-71030-dma-Maguire-image-correctly-webkit/error-context.md
]]>
</failure>
<system-out>
<![CDATA[
[[ATTACHMENT|smoke-Smoke-Tests---End-to-71030-dma-Maguire-image-correctly-webkit/test-failed-1.png]]

[[ATTACHMENT|smoke-Smoke-Tests---End-to-71030-dma-Maguire-image-correctly-webkit/video.webm]]

[[ATTACHMENT|smoke-Smoke-Tests---End-to-71030-dma-Maguire-image-correctly-webkit/error-context.md]]
]]>
</system-out>
</testcase>
<testcase name="Smoke Tests - End-to-End › should be responsive on mobile" classname="smoke.spec.ts" time="8.748">
<failure message="smoke.spec.ts:94:7 should be responsive on mobile" type="FAILURE">
<![CDATA[  [webkit] › smoke.spec.ts:94:7 › Smoke Tests - End-to-End › should be responsive on mobile ────────

    Error: expect(locator).toBeVisible() failed

    Locator:  locator('.menu-card').first()
    Expected: visible
    Received: <element(s) not found>
    Timeout:  5000ms

    Call log:
      - Expect "toBeVisible" with timeout 5000ms
      - waiting for locator('.menu-card').first()


      104 |     // Check that menu cards stack vertically
      105 |     const menuCards = page.locator('.menu-card');
    > 106 |     await expect(menuCards.first()).toBeVisible();
          |                                     ^
      107 |   });
      108 |
      109 |   test('should handle 404 pages gracefully', async ({ page }) => {
        at /Users/bobmaguire/repos/thanksgiving/tests/e2e/smoke.spec.ts:106:37

    attachment #1: screenshot (image/png) ──────────────────────────────────────────────────────────
    ../../test-results/smoke-Smoke-Tests---End-to-9a03d-uld-be-responsive-on-mobile-webkit/test-failed-1.png
    ────────────────────────────────────────────────────────────────────────────────────────────────

    attachment #2: video (video/webm) ──────────────────────────────────────────────────────────────
    ../../test-results/smoke-Smoke-Tests---End-to-9a03d-uld-be-responsive-on-mobile-webkit/video.webm
    ────────────────────────────────────────────────────────────────────────────────────────────────

    Error Context: ../../test-results/smoke-Smoke-Tests---End-to-9a03d-uld-be-responsive-on-mobile-webkit/error-context.md
]]>
</failure>
<system-out>
<![CDATA[
[[ATTACHMENT|smoke-Smoke-Tests---End-to-9a03d-uld-be-responsive-on-mobile-webkit/test-failed-1.png]]

[[ATTACHMENT|smoke-Smoke-Tests---End-to-9a03d-uld-be-responsive-on-mobile-webkit/video.webm]]

[[ATTACHMENT|smoke-Smoke-Tests---End-to-9a03d-uld-be-responsive-on-mobile-webkit/error-context.md]]
]]>
</system-out>
</testcase>
<testcase name="Smoke Tests - End-to-End › should handle 404 pages gracefully" classname="smoke.spec.ts" time="8.454">
<failure message="smoke.spec.ts:109:7 should handle 404 pages gracefully" type="FAILURE">
<![CDATA[  [webkit] › smoke.spec.ts:109:7 › Smoke Tests - End-to-End › should handle 404 pages gracefully ───

    Error: expect(locator).toContainText(expected) failed

    Locator: locator('h1')
    Expected string: "Error"
    Received: <element(s) not found>
    Timeout: 5000ms

    Call log:
      - Expect "toContainText" with timeout 5000ms
      - waiting for locator('h1')


      112 |     
      113 |     // Check that error page is displayed
    > 114 |     await expect(page.locator('h1')).toContainText('Error');
          |                                      ^
      115 |   });
      116 |
      117 |   test('should load all required CSS and JavaScript', async ({ page }) => {
        at /Users/bobmaguire/repos/thanksgiving/tests/e2e/smoke.spec.ts:114:38

    attachment #1: screenshot (image/png) ──────────────────────────────────────────────────────────
    ../../test-results/smoke-Smoke-Tests---End-to-482a8-handle-404-pages-gracefully-webkit/test-failed-1.png
    ────────────────────────────────────────────────────────────────────────────────────────────────

    attachment #2: video (video/webm) ──────────────────────────────────────────────────────────────
    ../../test-results/smoke-Smoke-Tests---End-to-482a8-handle-404-pages-gracefully-webkit/video.webm
    ────────────────────────────────────────────────────────────────────────────────────────────────

    Error Context: ../../test-results/smoke-Smoke-Tests---End-to-482a8-handle-404-pages-gracefully-webkit/error-context.md
]]>
</failure>
<system-out>
<![CDATA[
[[ATTACHMENT|smoke-Smoke-Tests---End-to-482a8-handle-404-pages-gracefully-webkit/test-failed-1.png]]

[[ATTACHMENT|smoke-Smoke-Tests---End-to-482a8-handle-404-pages-gracefully-webkit/video.webm]]

[[ATTACHMENT|smoke-Smoke-Tests---End-to-482a8-handle-404-pages-gracefully-webkit/error-context.md]]
]]>
</system-out>
</testcase>
<testcase name="Smoke Tests - End-to-End › should load all required CSS and JavaScript" classname="smoke.spec.ts" time="0.477">
</testcase>
<testcase name="Smoke Tests - End-to-End › should have proper meta tags" classname="smoke.spec.ts" time="5.568">
<failure message="smoke.spec.ts:133:7 should have proper meta tags" type="FAILURE">
<![CDATA[  [webkit] › smoke.spec.ts:133:7 › Smoke Tests - End-to-End › should have proper meta tags ─────────

    Error: expect(locator).toHaveAttribute(expected) failed

    Locator: locator('meta[charset]')
    Expected string: "utf-8"
    Received string: "UTF-8"
    Timeout: 5000ms

    Call log:
      - Expect "toHaveAttribute" with timeout 5000ms
      - waiting for locator('meta[charset]')
        9 × locator resolved to <meta charset="UTF-8"/>
          - unexpected value "UTF-8"


      140 |     // Check charset
      141 |     const charset = page.locator('meta[charset]');
    > 142 |     await expect(charset).toHaveAttribute('charset', 'utf-8');
          |                           ^
      143 |   });
      144 | });
      145 |
        at /Users/bobmaguire/repos/thanksgiving/tests/e2e/smoke.spec.ts:142:27

    attachment #1: screenshot (image/png) ──────────────────────────────────────────────────────────
    ../../test-results/smoke-Smoke-Tests---End-to-End-should-have-proper-meta-tags-webkit/test-failed-1.png
    ────────────────────────────────────────────────────────────────────────────────────────────────

    attachment #2: video (video/webm) ──────────────────────────────────────────────────────────────
    ../../test-results/smoke-Smoke-Tests---End-to-End-should-have-proper-meta-tags-webkit/video.webm
    ────────────────────────────────────────────────────────────────────────────────────────────────

    Error Context: ../../test-results/smoke-Smoke-Tests---End-to-End-should-have-proper-meta-tags-webkit/error-context.md
]]>
</failure>
<system-out>
<![CDATA[
[[ATTACHMENT|smoke-Smoke-Tests---End-to-End-should-have-proper-meta-tags-webkit/test-failed-1.png]]

[[ATTACHMENT|smoke-Smoke-Tests---End-to-End-should-have-proper-meta-tags-webkit/video.webm]]

[[ATTACHMENT|smoke-Smoke-Tests---End-to-End-should-have-proper-meta-tags-webkit/error-context.md]]
]]>
</system-out>
</testcase>
</testsuite>
<testsuite name="smoke.spec.ts" timestamp="2025-09-29T16:49:19.950Z" hostname="Mobile Chrome" tests="9" failures="7" skipped="0" time="37.449" errors="0">
<testcase name="Smoke Tests - End-to-End › homepage should load and display menus" classname="smoke.spec.ts" time="5.513">
<failure message="smoke.spec.ts:4:7 homepage should load and display menus" type="FAILURE">
<![CDATA[  [Mobile Chrome] › smoke.spec.ts:4:7 › Smoke Tests - End-to-End › homepage should load and display menus 

    Error: expect(locator).toContainText(expected) failed

    Locator: locator('h1')
    Expected string: "Thanksgiving Menu Collection"
    Received: <element(s) not found>
    Timeout: 5000ms

    Call log:
      - Expect "toContainText" with timeout 5000ms
      - waiting for locator('h1')


       9 |     
      10 |     // Check main heading
    > 11 |     await expect(page.locator('h1')).toContainText('Thanksgiving Menu Collection');
         |                                      ^
      12 |     
      13 |     // Check subtitle (use first lead element)
      14 |     await expect(page.locator('.lead').first()).toContainText('A collection of Thanksgiving menus from 1994 to today');
        at /Users/bobmaguire/repos/thanksgiving/tests/e2e/smoke.spec.ts:11:38

    attachment #1: screenshot (image/png) ──────────────────────────────────────────────────────────
    ../../test-results/smoke-Smoke-Tests---End-to-b1c3a-ould-load-and-display-menus-Mobile-Chrome/test-failed-1.png
    ────────────────────────────────────────────────────────────────────────────────────────────────

    attachment #2: video (video/webm) ──────────────────────────────────────────────────────────────
    ../../test-results/smoke-Smoke-Tests---End-to-b1c3a-ould-load-and-display-menus-Mobile-Chrome/video.webm
    ────────────────────────────────────────────────────────────────────────────────────────────────

    Error Context: ../../test-results/smoke-Smoke-Tests---End-to-b1c3a-ould-load-and-display-menus-Mobile-Chrome/error-context.md
]]>
</failure>
<system-out>
<![CDATA[
[[ATTACHMENT|smoke-Smoke-Tests---End-to-b1c3a-ould-load-and-display-menus-Mobile-Chrome/test-failed-1.png]]

[[ATTACHMENT|smoke-Smoke-Tests---End-to-b1c3a-ould-load-and-display-menus-Mobile-Chrome/video.webm]]

[[ATTACHMENT|smoke-Smoke-Tests---End-to-b1c3a-ould-load-and-display-menus-Mobile-Chrome/error-context.md]]
]]>
</system-out>
</testcase>
<testcase name="Smoke Tests - End-to-End › should navigate to menu detail page" classname="smoke.spec.ts" time="5.462">
<failure message="smoke.spec.ts:26:7 should navigate to menu detail page" type="FAILURE">
<![CDATA[  [Mobile Chrome] › smoke.spec.ts:26:7 › Smoke Tests - End-to-End › should navigate to menu detail page 

    Error: expect(locator).toBeVisible() failed

    Locator:  locator('.btn-view-details').first()
    Expected: visible
    Received: <element(s) not found>
    Timeout:  5000ms

    Call log:
      - Expect "toBeVisible" with timeout 5000ms
      - waiting for locator('.btn-view-details').first()


      29 |     // Click on the first "View Details" button (using btn-view-details class)
      30 |     const firstViewDetailsButton = page.locator('.btn-view-details').first();
    > 31 |     await expect(firstViewDetailsButton).toBeVisible();
         |                                          ^
      32 |     await firstViewDetailsButton.click();
      33 |     
      34 |     // Should navigate to detail page
        at /Users/bobmaguire/repos/thanksgiving/tests/e2e/smoke.spec.ts:31:42

    attachment #1: screenshot (image/png) ──────────────────────────────────────────────────────────
    ../../test-results/smoke-Smoke-Tests---End-to-91342-avigate-to-menu-detail-page-Mobile-Chrome/test-failed-1.png
    ────────────────────────────────────────────────────────────────────────────────────────────────

    attachment #2: video (video/webm) ──────────────────────────────────────────────────────────────
    ../../test-results/smoke-Smoke-Tests---End-to-91342-avigate-to-menu-detail-page-Mobile-Chrome/video.webm
    ────────────────────────────────────────────────────────────────────────────────────────────────

    Error Context: ../../test-results/smoke-Smoke-Tests---End-to-91342-avigate-to-menu-detail-page-Mobile-Chrome/error-context.md
]]>
</failure>
<system-out>
<![CDATA[
[[ATTACHMENT|smoke-Smoke-Tests---End-to-91342-avigate-to-menu-detail-page-Mobile-Chrome/test-failed-1.png]]

[[ATTACHMENT|smoke-Smoke-Tests---End-to-91342-avigate-to-menu-detail-page-Mobile-Chrome/video.webm]]

[[ATTACHMENT|smoke-Smoke-Tests---End-to-91342-avigate-to-menu-detail-page-Mobile-Chrome/error-context.md]]
]]>
</system-out>
</testcase>
<testcase name="Smoke Tests - End-to-End › version API should return correct response" classname="smoke.spec.ts" time="0.165">
<failure message="smoke.spec.ts:42:7 version API should return correct response" type="FAILURE">
<![CDATA[  [Mobile Chrome] › smoke.spec.ts:42:7 › Smoke Tests - End-to-End › version API should return correct response 

    Error: expect(received).toMatchObject(expected)

    - Expected  - 1
    + Received  + 1

      Object {
        "data": Object {
          "buildDate": Any<String>,
          "environment": Any<String>,
    -     "version": "2.0.0",
    +     "version": "2.8.1",
        },
        "success": true,
      }

      46 |     
      47 |     const data = await response.json();
    > 48 |     expect(data).toMatchObject({
         |                  ^
      49 |       success: true,
      50 |       data: {
      51 |         version: '2.0.0',
        at /Users/bobmaguire/repos/thanksgiving/tests/e2e/smoke.spec.ts:48:18

    attachment #1: screenshot (image/png) ──────────────────────────────────────────────────────────
    ../../test-results/smoke-Smoke-Tests---End-to-54efa-uld-return-correct-response-Mobile-Chrome/test-failed-1.png
    ────────────────────────────────────────────────────────────────────────────────────────────────

    attachment #2: video (video/webm) ──────────────────────────────────────────────────────────────
    ../../test-results/smoke-Smoke-Tests---End-to-54efa-uld-return-correct-response-Mobile-Chrome/video.webm
    ────────────────────────────────────────────────────────────────────────────────────────────────
]]>
</failure>
<system-out>
<![CDATA[
[[ATTACHMENT|smoke-Smoke-Tests---End-to-54efa-uld-return-correct-response-Mobile-Chrome/test-failed-1.png]]

[[ATTACHMENT|smoke-Smoke-Tests---End-to-54efa-uld-return-correct-response-Mobile-Chrome/video.webm]]
]]>
</system-out>
</testcase>
<testcase name="Smoke Tests - End-to-End › database setup API should work" classname="smoke.spec.ts" time="3.814">
</testcase>
<testcase name="Smoke Tests - End-to-End › should display Grandma Maguire image correctly" classname="smoke.spec.ts" time="5.697">
<failure message="smoke.spec.ts:82:7 should display Grandma Maguire image correctly" type="FAILURE">
<![CDATA[  [Mobile Chrome] › smoke.spec.ts:82:7 › Smoke Tests - End-to-End › should display Grandma Maguire image correctly 

    Error: expect(locator).toBeVisible() failed

    Locator:  locator('img[src*="Grandma80s"]')
    Expected: visible
    Received: <element(s) not found>
    Timeout:  5000ms

    Call log:
      - Expect "toBeVisible" with timeout 5000ms
      - waiting for locator('img[src*="Grandma80s"]')


      85 |     // Check that Grandma's image is visible
      86 |     const grandmaImage = page.locator('img[src*="Grandma80s"]');
    > 87 |     await expect(grandmaImage).toBeVisible();
         |                                ^
      88 |     
      89 |     // Check that the stats section layout is correct (use first one)
      90 |     const statsSection = page.locator('.stats-section').first();
        at /Users/bobmaguire/repos/thanksgiving/tests/e2e/smoke.spec.ts:87:32

    attachment #1: screenshot (image/png) ──────────────────────────────────────────────────────────
    ../../test-results/smoke-Smoke-Tests---End-to-71030-dma-Maguire-image-correctly-Mobile-Chrome/test-failed-1.png
    ────────────────────────────────────────────────────────────────────────────────────────────────

    attachment #2: video (video/webm) ──────────────────────────────────────────────────────────────
    ../../test-results/smoke-Smoke-Tests---End-to-71030-dma-Maguire-image-correctly-Mobile-Chrome/video.webm
    ────────────────────────────────────────────────────────────────────────────────────────────────

    Error Context: ../../test-results/smoke-Smoke-Tests---End-to-71030-dma-Maguire-image-correctly-Mobile-Chrome/error-context.md
]]>
</failure>
<system-out>
<![CDATA[
[[ATTACHMENT|smoke-Smoke-Tests---End-to-71030-dma-Maguire-image-correctly-Mobile-Chrome/test-failed-1.png]]

[[ATTACHMENT|smoke-Smoke-Tests---End-to-71030-dma-Maguire-image-correctly-Mobile-Chrome/video.webm]]

[[ATTACHMENT|smoke-Smoke-Tests---End-to-71030-dma-Maguire-image-correctly-Mobile-Chrome/error-context.md]]
]]>
</system-out>
</testcase>
<testcase name="Smoke Tests - End-to-End › should be responsive on mobile" classname="smoke.spec.ts" time="5.541">
<failure message="smoke.spec.ts:94:7 should be responsive on mobile" type="FAILURE">
<![CDATA[  [Mobile Chrome] › smoke.spec.ts:94:7 › Smoke Tests - End-to-End › should be responsive on mobile ─

    Error: expect(locator).toBeVisible() failed

    Locator:  locator('.menu-card').first()
    Expected: visible
    Received: <element(s) not found>
    Timeout:  5000ms

    Call log:
      - Expect "toBeVisible" with timeout 5000ms
      - waiting for locator('.menu-card').first()


      104 |     // Check that menu cards stack vertically
      105 |     const menuCards = page.locator('.menu-card');
    > 106 |     await expect(menuCards.first()).toBeVisible();
          |                                     ^
      107 |   });
      108 |
      109 |   test('should handle 404 pages gracefully', async ({ page }) => {
        at /Users/bobmaguire/repos/thanksgiving/tests/e2e/smoke.spec.ts:106:37

    attachment #1: screenshot (image/png) ──────────────────────────────────────────────────────────
    ../../test-results/smoke-Smoke-Tests---End-to-9a03d-uld-be-responsive-on-mobile-Mobile-Chrome/test-failed-1.png
    ────────────────────────────────────────────────────────────────────────────────────────────────

    attachment #2: video (video/webm) ──────────────────────────────────────────────────────────────
    ../../test-results/smoke-Smoke-Tests---End-to-9a03d-uld-be-responsive-on-mobile-Mobile-Chrome/video.webm
    ────────────────────────────────────────────────────────────────────────────────────────────────

    Error Context: ../../test-results/smoke-Smoke-Tests---End-to-9a03d-uld-be-responsive-on-mobile-Mobile-Chrome/error-context.md
]]>
</failure>
<system-out>
<![CDATA[
[[ATTACHMENT|smoke-Smoke-Tests---End-to-9a03d-uld-be-responsive-on-mobile-Mobile-Chrome/test-failed-1.png]]

[[ATTACHMENT|smoke-Smoke-Tests---End-to-9a03d-uld-be-responsive-on-mobile-Mobile-Chrome/video.webm]]

[[ATTACHMENT|smoke-Smoke-Tests---End-to-9a03d-uld-be-responsive-on-mobile-Mobile-Chrome/error-context.md]]
]]>
</system-out>
</testcase>
<testcase name="Smoke Tests - End-to-End › should handle 404 pages gracefully" classname="smoke.spec.ts" time="5.385">
<failure message="smoke.spec.ts:109:7 should handle 404 pages gracefully" type="FAILURE">
<![CDATA[  [Mobile Chrome] › smoke.spec.ts:109:7 › Smoke Tests - End-to-End › should handle 404 pages gracefully 

    Error: expect(locator).toContainText(expected) failed

    Locator: locator('h1')
    Expected string: "Error"
    Received: <element(s) not found>
    Timeout: 5000ms

    Call log:
      - Expect "toContainText" with timeout 5000ms
      - waiting for locator('h1')


      112 |     
      113 |     // Check that error page is displayed
    > 114 |     await expect(page.locator('h1')).toContainText('Error');
          |                                      ^
      115 |   });
      116 |
      117 |   test('should load all required CSS and JavaScript', async ({ page }) => {
        at /Users/bobmaguire/repos/thanksgiving/tests/e2e/smoke.spec.ts:114:38

    attachment #1: screenshot (image/png) ──────────────────────────────────────────────────────────
    ../../test-results/smoke-Smoke-Tests---End-to-482a8-handle-404-pages-gracefully-Mobile-Chrome/test-failed-1.png
    ────────────────────────────────────────────────────────────────────────────────────────────────

    attachment #2: video (video/webm) ──────────────────────────────────────────────────────────────
    ../../test-results/smoke-Smoke-Tests---End-to-482a8-handle-404-pages-gracefully-Mobile-Chrome/video.webm
    ────────────────────────────────────────────────────────────────────────────────────────────────

    Error Context: ../../test-results/smoke-Smoke-Tests---End-to-482a8-handle-404-pages-gracefully-Mobile-Chrome/error-context.md
]]>
</failure>
<system-out>
<![CDATA[
[[ATTACHMENT|smoke-Smoke-Tests---End-to-482a8-handle-404-pages-gracefully-Mobile-Chrome/test-failed-1.png]]

[[ATTACHMENT|smoke-Smoke-Tests---End-to-482a8-handle-404-pages-gracefully-Mobile-Chrome/video.webm]]

[[ATTACHMENT|smoke-Smoke-Tests---End-to-482a8-handle-404-pages-gracefully-Mobile-Chrome/error-context.md]]
]]>
</system-out>
</testcase>
<testcase name="Smoke Tests - End-to-End › should load all required CSS and JavaScript" classname="smoke.spec.ts" time="0.383">
</testcase>
<testcase name="Smoke Tests - End-to-End › should have proper meta tags" classname="smoke.spec.ts" time="5.489">
<failure message="smoke.spec.ts:133:7 should have proper meta tags" type="FAILURE">
<![CDATA[  [Mobile Chrome] › smoke.spec.ts:133:7 › Smoke Tests - End-to-End › should have proper meta tags ──

    Error: expect(locator).toHaveAttribute(expected) failed

    Locator: locator('meta[charset]')
    Expected string: "utf-8"
    Received string: "UTF-8"
    Timeout: 5000ms

    Call log:
      - Expect "toHaveAttribute" with timeout 5000ms
      - waiting for locator('meta[charset]')
        9 × locator resolved to <meta charset="UTF-8"/>
          - unexpected value "UTF-8"


      140 |     // Check charset
      141 |     const charset = page.locator('meta[charset]');
    > 142 |     await expect(charset).toHaveAttribute('charset', 'utf-8');
          |                           ^
      143 |   });
      144 | });
      145 |
        at /Users/bobmaguire/repos/thanksgiving/tests/e2e/smoke.spec.ts:142:27

    attachment #1: screenshot (image/png) ──────────────────────────────────────────────────────────
    ../../test-results/smoke-Smoke-Tests---End-to-End-should-have-proper-meta-tags-Mobile-Chrome/test-failed-1.png
    ────────────────────────────────────────────────────────────────────────────────────────────────

    attachment #2: video (video/webm) ──────────────────────────────────────────────────────────────
    ../../test-results/smoke-Smoke-Tests---End-to-End-should-have-proper-meta-tags-Mobile-Chrome/video.webm
    ────────────────────────────────────────────────────────────────────────────────────────────────

    Error Context: ../../test-results/smoke-Smoke-Tests---End-to-End-should-have-proper-meta-tags-Mobile-Chrome/error-context.md
]]>
</failure>
<system-out>
<![CDATA[
[[ATTACHMENT|smoke-Smoke-Tests---End-to-End-should-have-proper-meta-tags-Mobile-Chrome/test-failed-1.png]]

[[ATTACHMENT|smoke-Smoke-Tests---End-to-End-should-have-proper-meta-tags-Mobile-Chrome/video.webm]]

[[ATTACHMENT|smoke-Smoke-Tests---End-to-End-should-have-proper-meta-tags-Mobile-Chrome/error-context.md]]
]]>
</system-out>
</testcase>
</testsuite>
<testsuite name="smoke.spec.ts" timestamp="2025-09-29T16:49:19.950Z" hostname="Mobile Safari" tests="9" failures="7" skipped="0" time="37.809" errors="0">
<testcase name="Smoke Tests - End-to-End › homepage should load and display menus" classname="smoke.spec.ts" time="5.592">
<failure message="smoke.spec.ts:4:7 homepage should load and display menus" type="FAILURE">
<![CDATA[  [Mobile Safari] › smoke.spec.ts:4:7 › Smoke Tests - End-to-End › homepage should load and display menus 

    Error: expect(locator).toContainText(expected) failed

    Locator: locator('h1')
    Expected string: "Thanksgiving Menu Collection"
    Received: <element(s) not found>
    Timeout: 5000ms

    Call log:
      - Expect "toContainText" with timeout 5000ms
      - waiting for locator('h1')


       9 |     
      10 |     // Check main heading
    > 11 |     await expect(page.locator('h1')).toContainText('Thanksgiving Menu Collection');
         |                                      ^
      12 |     
      13 |     // Check subtitle (use first lead element)
      14 |     await expect(page.locator('.lead').first()).toContainText('A collection of Thanksgiving menus from 1994 to today');
        at /Users/bobmaguire/repos/thanksgiving/tests/e2e/smoke.spec.ts:11:38

    attachment #1: screenshot (image/png) ──────────────────────────────────────────────────────────
    ../../test-results/smoke-Smoke-Tests---End-to-b1c3a-ould-load-and-display-menus-Mobile-Safari/test-failed-1.png
    ────────────────────────────────────────────────────────────────────────────────────────────────

    attachment #2: video (video/webm) ──────────────────────────────────────────────────────────────
    ../../test-results/smoke-Smoke-Tests---End-to-b1c3a-ould-load-and-display-menus-Mobile-Safari/video.webm
    ────────────────────────────────────────────────────────────────────────────────────────────────

    Error Context: ../../test-results/smoke-Smoke-Tests---End-to-b1c3a-ould-load-and-display-menus-Mobile-Safari/error-context.md
]]>
</failure>
<system-out>
<![CDATA[
[[ATTACHMENT|smoke-Smoke-Tests---End-to-b1c3a-ould-load-and-display-menus-Mobile-Safari/test-failed-1.png]]

[[ATTACHMENT|smoke-Smoke-Tests---End-to-b1c3a-ould-load-and-display-menus-Mobile-Safari/video.webm]]

[[ATTACHMENT|smoke-Smoke-Tests---End-to-b1c3a-ould-load-and-display-menus-Mobile-Safari/error-context.md]]
]]>
</system-out>
</testcase>
<testcase name="Smoke Tests - End-to-End › should navigate to menu detail page" classname="smoke.spec.ts" time="5.572">
<failure message="smoke.spec.ts:26:7 should navigate to menu detail page" type="FAILURE">
<![CDATA[  [Mobile Safari] › smoke.spec.ts:26:7 › Smoke Tests - End-to-End › should navigate to menu detail page 

    Error: expect(locator).toBeVisible() failed

    Locator:  locator('.btn-view-details').first()
    Expected: visible
    Received: <element(s) not found>
    Timeout:  5000ms

    Call log:
      - Expect "toBeVisible" with timeout 5000ms
      - waiting for locator('.btn-view-details').first()


      29 |     // Click on the first "View Details" button (using btn-view-details class)
      30 |     const firstViewDetailsButton = page.locator('.btn-view-details').first();
    > 31 |     await expect(firstViewDetailsButton).toBeVisible();
         |                                          ^
      32 |     await firstViewDetailsButton.click();
      33 |     
      34 |     // Should navigate to detail page
        at /Users/bobmaguire/repos/thanksgiving/tests/e2e/smoke.spec.ts:31:42

    attachment #1: screenshot (image/png) ──────────────────────────────────────────────────────────
    ../../test-results/smoke-Smoke-Tests---End-to-91342-avigate-to-menu-detail-page-Mobile-Safari/test-failed-1.png
    ────────────────────────────────────────────────────────────────────────────────────────────────

    attachment #2: video (video/webm) ──────────────────────────────────────────────────────────────
    ../../test-results/smoke-Smoke-Tests---End-to-91342-avigate-to-menu-detail-page-Mobile-Safari/video.webm
    ────────────────────────────────────────────────────────────────────────────────────────────────

    Error Context: ../../test-results/smoke-Smoke-Tests---End-to-91342-avigate-to-menu-detail-page-Mobile-Safari/error-context.md
]]>
</failure>
<system-out>
<![CDATA[
[[ATTACHMENT|smoke-Smoke-Tests---End-to-91342-avigate-to-menu-detail-page-Mobile-Safari/test-failed-1.png]]

[[ATTACHMENT|smoke-Smoke-Tests---End-to-91342-avigate-to-menu-detail-page-Mobile-Safari/video.webm]]

[[ATTACHMENT|smoke-Smoke-Tests---End-to-91342-avigate-to-menu-detail-page-Mobile-Safari/error-context.md]]
]]>
</system-out>
</testcase>
<testcase name="Smoke Tests - End-to-End › version API should return correct response" classname="smoke.spec.ts" time="0.288">
<failure message="smoke.spec.ts:42:7 version API should return correct response" type="FAILURE">
<![CDATA[  [Mobile Safari] › smoke.spec.ts:42:7 › Smoke Tests - End-to-End › version API should return correct response 

    Error: expect(received).toMatchObject(expected)

    - Expected  - 1
    + Received  + 1

      Object {
        "data": Object {
          "buildDate": Any<String>,
          "environment": Any<String>,
    -     "version": "2.0.0",
    +     "version": "2.8.1",
        },
        "success": true,
      }

      46 |     
      47 |     const data = await response.json();
    > 48 |     expect(data).toMatchObject({
         |                  ^
      49 |       success: true,
      50 |       data: {
      51 |         version: '2.0.0',
        at /Users/bobmaguire/repos/thanksgiving/tests/e2e/smoke.spec.ts:48:18

    attachment #1: screenshot (image/png) ──────────────────────────────────────────────────────────
    ../../test-results/smoke-Smoke-Tests---End-to-54efa-uld-return-correct-response-Mobile-Safari/test-failed-1.png
    ────────────────────────────────────────────────────────────────────────────────────────────────

    attachment #2: video (video/webm) ──────────────────────────────────────────────────────────────
    ../../test-results/smoke-Smoke-Tests---End-to-54efa-uld-return-correct-response-Mobile-Safari/video.webm
    ────────────────────────────────────────────────────────────────────────────────────────────────
]]>
</failure>
<system-out>
<![CDATA[
[[ATTACHMENT|smoke-Smoke-Tests---End-to-54efa-uld-return-correct-response-Mobile-Safari/test-failed-1.png]]

[[ATTACHMENT|smoke-Smoke-Tests---End-to-54efa-uld-return-correct-response-Mobile-Safari/video.webm]]
]]>
</system-out>
</testcase>
<testcase name="Smoke Tests - End-to-End › database setup API should work" classname="smoke.spec.ts" time="3.691">
</testcase>
<testcase name="Smoke Tests - End-to-End › should display Grandma Maguire image correctly" classname="smoke.spec.ts" time="5.579">
<failure message="smoke.spec.ts:82:7 should display Grandma Maguire image correctly" type="FAILURE">
<![CDATA[  [Mobile Safari] › smoke.spec.ts:82:7 › Smoke Tests - End-to-End › should display Grandma Maguire image correctly 

    Error: expect(locator).toBeVisible() failed

    Locator:  locator('img[src*="Grandma80s"]')
    Expected: visible
    Received: <element(s) not found>
    Timeout:  5000ms

    Call log:
      - Expect "toBeVisible" with timeout 5000ms
      - waiting for locator('img[src*="Grandma80s"]')


      85 |     // Check that Grandma's image is visible
      86 |     const grandmaImage = page.locator('img[src*="Grandma80s"]');
    > 87 |     await expect(grandmaImage).toBeVisible();
         |                                ^
      88 |     
      89 |     // Check that the stats section layout is correct (use first one)
      90 |     const statsSection = page.locator('.stats-section').first();
        at /Users/bobmaguire/repos/thanksgiving/tests/e2e/smoke.spec.ts:87:32

    attachment #1: screenshot (image/png) ──────────────────────────────────────────────────────────
    ../../test-results/smoke-Smoke-Tests---End-to-71030-dma-Maguire-image-correctly-Mobile-Safari/test-failed-1.png
    ────────────────────────────────────────────────────────────────────────────────────────────────

    attachment #2: video (video/webm) ──────────────────────────────────────────────────────────────
    ../../test-results/smoke-Smoke-Tests---End-to-71030-dma-Maguire-image-correctly-Mobile-Safari/video.webm
    ────────────────────────────────────────────────────────────────────────────────────────────────

    Error Context: ../../test-results/smoke-Smoke-Tests---End-to-71030-dma-Maguire-image-correctly-Mobile-Safari/error-context.md
]]>
</failure>
<system-out>
<![CDATA[
[[ATTACHMENT|smoke-Smoke-Tests---End-to-71030-dma-Maguire-image-correctly-Mobile-Safari/test-failed-1.png]]

[[ATTACHMENT|smoke-Smoke-Tests---End-to-71030-dma-Maguire-image-correctly-Mobile-Safari/video.webm]]

[[ATTACHMENT|smoke-Smoke-Tests---End-to-71030-dma-Maguire-image-correctly-Mobile-Safari/error-context.md]]
]]>
</system-out>
</testcase>
<testcase name="Smoke Tests - End-to-End › should be responsive on mobile" classname="smoke.spec.ts" time="5.64">
<failure message="smoke.spec.ts:94:7 should be responsive on mobile" type="FAILURE">
<![CDATA[  [Mobile Safari] › smoke.spec.ts:94:7 › Smoke Tests - End-to-End › should be responsive on mobile ─

    Error: expect(locator).toBeVisible() failed

    Locator:  locator('.menu-card').first()
    Expected: visible
    Received: <element(s) not found>
    Timeout:  5000ms

    Call log:
      - Expect "toBeVisible" with timeout 5000ms
      - waiting for locator('.menu-card').first()


      104 |     // Check that menu cards stack vertically
      105 |     const menuCards = page.locator('.menu-card');
    > 106 |     await expect(menuCards.first()).toBeVisible();
          |                                     ^
      107 |   });
      108 |
      109 |   test('should handle 404 pages gracefully', async ({ page }) => {
        at /Users/bobmaguire/repos/thanksgiving/tests/e2e/smoke.spec.ts:106:37

    attachment #1: screenshot (image/png) ──────────────────────────────────────────────────────────
    ../../test-results/smoke-Smoke-Tests---End-to-9a03d-uld-be-responsive-on-mobile-Mobile-Safari/test-failed-1.png
    ────────────────────────────────────────────────────────────────────────────────────────────────

    attachment #2: video (video/webm) ──────────────────────────────────────────────────────────────
    ../../test-results/smoke-Smoke-Tests---End-to-9a03d-uld-be-responsive-on-mobile-Mobile-Safari/video.webm
    ────────────────────────────────────────────────────────────────────────────────────────────────

    Error Context: ../../test-results/smoke-Smoke-Tests---End-to-9a03d-uld-be-responsive-on-mobile-Mobile-Safari/error-context.md
]]>
</failure>
<system-out>
<![CDATA[
[[ATTACHMENT|smoke-Smoke-Tests---End-to-9a03d-uld-be-responsive-on-mobile-Mobile-Safari/test-failed-1.png]]

[[ATTACHMENT|smoke-Smoke-Tests---End-to-9a03d-uld-be-responsive-on-mobile-Mobile-Safari/video.webm]]

[[ATTACHMENT|smoke-Smoke-Tests---End-to-9a03d-uld-be-responsive-on-mobile-Mobile-Safari/error-context.md]]
]]>
</system-out>
</testcase>
<testcase name="Smoke Tests - End-to-End › should handle 404 pages gracefully" classname="smoke.spec.ts" time="5.43">
<failure message="smoke.spec.ts:109:7 should handle 404 pages gracefully" type="FAILURE">
<![CDATA[  [Mobile Safari] › smoke.spec.ts:109:7 › Smoke Tests - End-to-End › should handle 404 pages gracefully 

    Error: expect(locator).toContainText(expected) failed

    Locator: locator('h1')
    Expected string: "Error"
    Received: <element(s) not found>
    Timeout: 5000ms

    Call log:
      - Expect "toContainText" with timeout 5000ms
      - waiting for locator('h1')


      112 |     
      113 |     // Check that error page is displayed
    > 114 |     await expect(page.locator('h1')).toContainText('Error');
          |                                      ^
      115 |   });
      116 |
      117 |   test('should load all required CSS and JavaScript', async ({ page }) => {
        at /Users/bobmaguire/repos/thanksgiving/tests/e2e/smoke.spec.ts:114:38

    attachment #1: screenshot (image/png) ──────────────────────────────────────────────────────────
    ../../test-results/smoke-Smoke-Tests---End-to-482a8-handle-404-pages-gracefully-Mobile-Safari/test-failed-1.png
    ────────────────────────────────────────────────────────────────────────────────────────────────

    attachment #2: video (video/webm) ──────────────────────────────────────────────────────────────
    ../../test-results/smoke-Smoke-Tests---End-to-482a8-handle-404-pages-gracefully-Mobile-Safari/video.webm
    ────────────────────────────────────────────────────────────────────────────────────────────────

    Error Context: ../../test-results/smoke-Smoke-Tests---End-to-482a8-handle-404-pages-gracefully-Mobile-Safari/error-context.md
]]>
</failure>
<system-out>
<![CDATA[
[[ATTACHMENT|smoke-Smoke-Tests---End-to-482a8-handle-404-pages-gracefully-Mobile-Safari/test-failed-1.png]]

[[ATTACHMENT|smoke-Smoke-Tests---End-to-482a8-handle-404-pages-gracefully-Mobile-Safari/video.webm]]

[[ATTACHMENT|smoke-Smoke-Tests---End-to-482a8-handle-404-pages-gracefully-Mobile-Safari/error-context.md]]
]]>
</system-out>
</testcase>
<testcase name="Smoke Tests - End-to-End › should load all required CSS and JavaScript" classname="smoke.spec.ts" time="0.456">
</testcase>
<testcase name="Smoke Tests - End-to-End › should have proper meta tags" classname="smoke.spec.ts" time="5.561">
<failure message="smoke.spec.ts:133:7 should have proper meta tags" type="FAILURE">
<![CDATA[  [Mobile Safari] › smoke.spec.ts:133:7 › Smoke Tests - End-to-End › should have proper meta tags ──

    Error: expect(locator).toHaveAttribute(expected) failed

    Locator: locator('meta[charset]')
    Expected string: "utf-8"
    Received string: "UTF-8"
    Timeout: 5000ms

    Call log:
      - Expect "toHaveAttribute" with timeout 5000ms
      - waiting for locator('meta[charset]')
        9 × locator resolved to <meta charset="UTF-8"/>
          - unexpected value "UTF-8"


      140 |     // Check charset
      141 |     const charset = page.locator('meta[charset]');
    > 142 |     await expect(charset).toHaveAttribute('charset', 'utf-8');
          |                           ^
      143 |   });
      144 | });
      145 |
        at /Users/bobmaguire/repos/thanksgiving/tests/e2e/smoke.spec.ts:142:27

    attachment #1: screenshot (image/png) ──────────────────────────────────────────────────────────
    ../../test-results/smoke-Smoke-Tests---End-to-End-should-have-proper-meta-tags-Mobile-Safari/test-failed-1.png
    ────────────────────────────────────────────────────────────────────────────────────────────────

    attachment #2: video (video/webm) ──────────────────────────────────────────────────────────────
    ../../test-results/smoke-Smoke-Tests---End-to-End-should-have-proper-meta-tags-Mobile-Safari/video.webm
    ────────────────────────────────────────────────────────────────────────────────────────────────

    Error Context: ../../test-results/smoke-Smoke-Tests---End-to-End-should-have-proper-meta-tags-Mobile-Safari/error-context.md
]]>
</failure>
<system-out>
<![CDATA[
[[ATTACHMENT|smoke-Smoke-Tests---End-to-End-should-have-proper-meta-tags-Mobile-Safari/test-failed-1.png]]

[[ATTACHMENT|smoke-Smoke-Tests---End-to-End-should-have-proper-meta-tags-Mobile-Safari/video.webm]]

[[ATTACHMENT|smoke-Smoke-Tests---End-to-End-should-have-proper-meta-tags-Mobile-Safari/error-context.md]]
]]>
</system-out>
</testcase>
</testsuite>
</testsuites>